// Jest Snapshot v1, https://goo.gl/fbAQLP

exports[`Error General Component Snap Test render() renders the component 1`] = `
<div
  className="error-general transition duration-150 ease-in-out "
>
  <div
    className="error-container"
  >
    <img
      alt="errorPage"
      src="general_error_default.png"
    />
    <h2
      className="error-title"
    >
      Hello World
    </h2>
    <p
      className="error-desc"
    >
      Sample Word
    </p>
  </div>
  <div
    className="error-footer"
  >
    <p
      className="text-sm"
    >
      v
      0.0.1
    </p>
  </div>
</div>
`;
