// Jest Snapshot v1, https://goo.gl/fbAQLP

exports[`HomePage Container Snap Test render() renders the component 1`] = `
<div
  className="home-page safe-area"
>
  <div
    className="container-fluid"
  >
    <div
      className="row"
    >
      <div
        className="col-lg-12"
      >
        <img
          alt="react.svg"
          className="image-lazy rotate"
          src="react.svg"
        />
        <h1>
          Boilerplate
        </h1>
        <span
          className="typing-master"
        >
          Project Template with the latest react hook, 
          <br />
           simple clean and no vulnerability package.
        </span>
        <p
          className="credits"
        >
          React Template by 
          <b>
            Thomi Jasir
          </b>
        </p>
      </div>
    </div>
  </div>
</div>
`;
